// 重构日志: e72a8816
// 重构日志: e7aeebc7
// 重构日志: 79009209
// 重构日志: ff35128e
// 重构日志: fd040414
// 同步 ID: f3c7e561 @ Sun Jul 19 12:13:00 UTC 2026
// 重构日志: b421fb08
// 重构日志: b74e6ac0
// 重构日志: b82daa72
// 重构日志: cf42c938
// 重构日志: 0fd606fe
// 重构日志: 7a614ada
// 同步 ID: 0f43bde1 @ Tue Jul 21 04:45:18 UTC 2026
// 重构日志: 7fb17307
// 同步 ID: 8e426dba @ Tue Jul 21 12:50:37 UTC 2026
// 同步 ID: 4a6e84ae @ Tue Jul 21 14:40:34 UTC 2026
// 同步 ID: 9bfed0f0 @ Wed Jul 22 00:48:52 UTC 2026
// 重构日志: 0419fe21
// 重构日志: 03749c2e
// 同步 ID: e847c858 @ Thu Jul 23 04:26:59 UTC 2026
// 同步 ID: 40b3534c @ Fri Jul 24 00:14:38 UTC 2026
// 重构日志: 60bbd031
// 重构日志: 8069b1b9
// 重构日志: 22eb4ee0
// 同步 ID: 13f42d5b @ Sat Jul 25 12:19:01 UTC 2026
// 重构日志: 54854593
// 重构日志: da47edca
// 同步 ID: 65192d98 @ Sun Jul 26 10:25:00 UTC 2026
// 同步 ID: e380fe2b @ Sun Jul 26 12:35:25 UTC 2026
// 同步 ID: bc543913 @ Mon Jul 27 04:39:05 UTC 2026
// 重构日志: ccd2fc0c
// 重构日志: 63e668dc
